    OpenRGB v1.0
    Commit:  from 
    Launched: 20260915_043655
====================================================================================================

[2         ][Info   ][NetworkClient] Connection attempt failed
[54        ][Info   ]------------------------------------------------------
[54        ][Info   ]|               Start device detection               |
[54        ][Info   ]------------------------------------------------------
[61        ][Info   ]------------------------------------------------------
[61        ][Info   ]|             Detecting I2C interfaces               |
[61        ][Info   ]------------------------------------------------------
[61        ][Info   ][DetectionManager] Registering I2C interface: AMDGPU SMU 1 (/dev/i2c-3) Device 1002:7550 Subsystem: 1458:2437
[62        ][Info   ][i2c_smbus_linux] Failed to read i2c device PCI device ID
[62        ][Info   ][DetectionManager] Registering I2C interface: AMDGPU DM aux hw bus 1 (/dev/i2c-10) Device 0000:0000 Subsystem: 0000:0000
[62        ][Info   ][DetectionManager] Registering I2C interface: Synopsys DesignWare I2C adapter (/dev/i2c-1) Device 0000:0000 Subsystem: 0000:0000
[62        ][Info   ][DetectionManager] Registering I2C interface: AMDGPU DM i2c OEM bus (/dev/i2c-8) Device 1002:7550 Subsystem: 1458:2437
[62        ][Info   ][i2c_smbus_linux] Failed to read i2c device PCI device ID
[62        ][Info   ][DetectionManager] Registering I2C interface: AMDGPU DM aux hw bus 1 (/dev/i2c-15) Device 0000:0000 Subsystem: 0000:0000
[62        ][Info   ][DetectionManager] Registering I2C interface: AMDGPU DM i2c hw bus 2 (/dev/i2c-6) Device 1002:7550 Subsystem: 1458:2437
[62        ][Info   ][DetectionManager] Registering I2C interface: AMDGPU DM i2c hw bus 2 (/dev/i2c-13) Device 1002:13C0 Subsystem: 1458:D000
[62        ][Info   ][DetectionManager] Registering I2C interface: AMDGPU DM i2c hw bus 0 (/dev/i2c-4) Device 1002:7550 Subsystem: 1458:2437
[62        ][Info   ][DetectionManager] Registering I2C interface: AMDGPU DM i2c hw bus 0 (/dev/i2c-11) Device 1002:13C0 Subsystem: 1458:D000
[62        ][Info   ][DetectionManager] Registering I2C interface: AMDGPU SMU 0 (/dev/i2c-2) Device 1002:7550 Subsystem: 1458:2437
[62        ][Info   ][DetectionManager] Registering I2C interface: Synopsys DesignWare I2C adapter (/dev/i2c-0) Device 0000:0000 Subsystem: 0000:0000
[62        ][Info   ][i2c_smbus_linux] Failed to read i2c device PCI device ID
[62        ][Info   ][DetectionManager] Registering I2C interface: AMDGPU DM aux hw bus 0 (/dev/i2c-9) Device 0000:0000 Subsystem: 0000:0000
[62        ][Info   ][i2c_smbus_linux] Failed to read i2c device PCI device ID
[62        ][Info   ][DetectionManager] Registering I2C interface: AMDGPU DM aux hw bus 2 (/dev/i2c-16) Device 0000:0000 Subsystem: 0000:0000
[62        ][Info   ][DetectionManager] Registering I2C interface: AMDGPU DM i2c hw bus 3 (/dev/i2c-7) Device 1002:7550 Subsystem: 1458:2437
[62        ][Info   ][DetectionManager] Registering I2C interface: AMDGPU DM i2c hw bus 3 (/dev/i2c-14) Device 1002:13C0 Subsystem: 1458:D000
[62        ][Info   ][DetectionManager] Registering I2C interface: AMDGPU DM i2c hw bus 1 (/dev/i2c-5) Device 1002:7550 Subsystem: 1458:2437
[62        ][Info   ][DetectionManager] Registering I2C interface: AMDGPU DM i2c hw bus 1 (/dev/i2c-12) Device 1002:13C0 Subsystem: 1458:D000
[62        ][Info   ]------------------------------------------------------
[62        ][Info   ]|               Detecting I2C devices                |
[62        ][Info   ]------------------------------------------------------
[108       ][Info   ]------------------------------------------------------
[108       ][Info   ]|            Detecting I2C DRAM modules              |
[108       ][Info   ]------------------------------------------------------
[108       ][Info   ]------------------------------------------------------
[108       ][Info   ]|               Detecting I2C PCI devices            |
[108       ][Info   ]------------------------------------------------------
[119       ][Info   ][DetectionManager] Registering RGB controller Gigabyte Radeon RX 9070 XT GAMING OC ICE
[122       ][Info   ]------------------------------------------------------
[122       ][Info   ]|               Detecting HID devices                |
[122       ][Info   ]------------------------------------------------------
[179       ][Info   ][DetectionManager] Registering RGB controller Corsair Lighting Node Core
[234       ][Info   ][DetectionManager] Registering RGB controller Corsair Lighting Node Core
[408       ][Info   ][DetectionManager] Registering RGB controller X870E AORUS ELITE WIFI7 ICE
[411       ][Info   ]------------------------------------------------------
[411       ][Info   ]|            Detecting libusb HID devices            |
[411       ][Info   ]------------------------------------------------------
[512       ][Info   ]------------------------------------------------------
[512       ][Info   ]|              Detecting other devices               |
[512       ][Info   ]------------------------------------------------------
[789       ][Info   ]------------------------------------------------------
[789       ][Info   ]|                Detection completed                 |
[789       ][Info   ]------------------------------------------------------
[791       ][Warning][PluginManager] Plugin /home/elias/.config/OpenRGB/plugins/OpenRGBEffectsPlugin_1.0rc2_Linux_amd64_415dc20.so does not have a MetaData field, skipping.
[130545    ][Info   ][DetectionManager] Cleaning up detected devices
